Archive member included because of file (symbol)

d:/program/nxp/toolchain/bin/../lib/gcc/arm-none-eabi/4.8.4/../../../../arm-none-eabi/lib/armv7e-m\libg_s.a(lib_a-atoi.o)
                              ./Sources/uart.o (atoi)
d:/program/nxp/toolchain/bin/../lib/gcc/arm-none-eabi/4.8.4/../../../../arm-none-eabi/lib/armv7e-m\libg_s.a(lib_a-exit.o)
                              d:/program/nxp/toolchain/bin/../lib/gcc/arm-none-eabi/4.8.4/../../../../arm-none-eabi/lib/armv7e-m/crt0.o (exit)
d:/program/nxp/toolchain/bin/../lib/gcc/arm-none-eabi/4.8.4/../../../../arm-none-eabi/lib/armv7e-m\libg_s.a(lib_a-impure.o)
                              d:/program/nxp/toolchain/bin/../lib/gcc/arm-none-eabi/4.8.4/../../../../arm-none-eabi/lib/armv7e-m\libg_s.a(lib_a-exit.o) (_global_impure_ptr)
d:/program/nxp/toolchain/bin/../lib/gcc/arm-none-eabi/4.8.4/../../../../arm-none-eabi/lib/armv7e-m\libg_s.a(lib_a-init.o)
                              d:/program/nxp/toolchain/bin/../lib/gcc/arm-none-eabi/4.8.4/../../../../arm-none-eabi/lib/armv7e-m/crt0.o (__libc_init_array)
d:/program/nxp/toolchain/bin/../lib/gcc/arm-none-eabi/4.8.4/../../../../arm-none-eabi/lib/armv7e-m\libg_s.a(lib_a-lcltime_r.o)
                              ./Sources/times.o (localtime_r)
d:/program/nxp/toolchain/bin/../lib/gcc/arm-none-eabi/4.8.4/../../../../arm-none-eabi/lib/armv7e-m\libg_s.a(lib_a-memset.o)
                              d:/program/nxp/toolchain/bin/../lib/gcc/arm-none-eabi/4.8.4/../../../../arm-none-eabi/lib/armv7e-m/crt0.o (memset)
d:/program/nxp/toolchain/bin/../lib/gcc/arm-none-eabi/4.8.4/../../../../arm-none-eabi/lib/armv7e-m\libg_s.a(lib_a-mktime.o)
                              ./Sources/times.o (mktime)
d:/program/nxp/toolchain/bin/../lib/gcc/arm-none-eabi/4.8.4/../../../../arm-none-eabi/lib/armv7e-m\libg_s.a(lib_a-mktm_r.o)
                              d:/program/nxp/toolchain/bin/../lib/gcc/arm-none-eabi/4.8.4/../../../../arm-none-eabi/lib/armv7e-m\libg_s.a(lib_a-mktime.o) (__tzcalc_limits)
d:/program/nxp/toolchain/bin/../lib/gcc/arm-none-eabi/4.8.4/../../../../arm-none-eabi/lib/armv7e-m\libg_s.a(lib_a-strftime.o)
                              ./Sources/times.o (strftime)
d:/program/nxp/toolchain/bin/../lib/gcc/arm-none-eabi/4.8.4/../../../../arm-none-eabi/lib/armv7e-m\libg_s.a(lib_a-strlen.o)
                              d:/program/nxp/toolchain/bin/../lib/gcc/arm-none-eabi/4.8.4/../../../../arm-none-eabi/lib/armv7e-m\libg_s.a(lib_a-strftime.o) (strlen)
d:/program/nxp/toolchain/bin/../lib/gcc/arm-none-eabi/4.8.4/../../../../arm-none-eabi/lib/armv7e-m\libg_s.a(lib_a-strptime.o)
                              ./Sources/times.o (strptime)
d:/program/nxp/toolchain/bin/../lib/gcc/arm-none-eabi/4.8.4/../../../../arm-none-eabi/lib/armv7e-m\libg_s.a(lib_a-strtol.o)
                              d:/program/nxp/toolchain/bin/../lib/gcc/arm-none-eabi/4.8.4/../../../../arm-none-eabi/lib/armv7e-m\libg_s.a(lib_a-atoi.o) (_strtol_r)
d:/program/nxp/toolchain/bin/../lib/gcc/arm-none-eabi/4.8.4/../../../../arm-none-eabi/lib/armv7e-m\libg_s.a(lib_a-strtoul.o)
                              d:/program/nxp/toolchain/bin/../lib/gcc/arm-none-eabi/4.8.4/../../../../arm-none-eabi/lib/armv7e-m\libg_s.a(lib_a-strftime.o) (strtoul)
d:/program/nxp/toolchain/bin/../lib/gcc/arm-none-eabi/4.8.4/../../../../arm-none-eabi/lib/armv7e-m\libg_s.a(lib_a-timelocal.o)
                              d:/program/nxp/toolchain/bin/../lib/gcc/arm-none-eabi/4.8.4/../../../../arm-none-eabi/lib/armv7e-m\libg_s.a(lib_a-strftime.o) (__get_current_time_locale)
d:/program/nxp/toolchain/bin/../lib/gcc/arm-none-eabi/4.8.4/../../../../arm-none-eabi/lib/armv7e-m\libg_s.a(lib_a-tzlock.o)
                              d:/program/nxp/toolchain/bin/../lib/gcc/arm-none-eabi/4.8.4/../../../../arm-none-eabi/lib/armv7e-m\libg_s.a(lib_a-mktime.o) (__tz_lock)
d:/program/nxp/toolchain/bin/../lib/gcc/arm-none-eabi/4.8.4/../../../../arm-none-eabi/lib/armv7e-m\libg_s.a(lib_a-tzvars.o)
                              d:/program/nxp/toolchain/bin/../lib/gcc/arm-none-eabi/4.8.4/../../../../arm-none-eabi/lib/armv7e-m\libg_s.a(lib_a-mktime.o) (_daylight)
d:/program/nxp/toolchain/bin/../lib/gcc/arm-none-eabi/4.8.4/../../../../arm-none-eabi/lib/armv7e-m\libg_s.a(lib_a-abs.o)
                              d:/program/nxp/toolchain/bin/../lib/gcc/arm-none-eabi/4.8.4/../../../../arm-none-eabi/lib/armv7e-m\libg_s.a(lib_a-strftime.o) (abs)
d:/program/nxp/toolchain/bin/../lib/gcc/arm-none-eabi/4.8.4/../../../../arm-none-eabi/lib/armv7e-m\libg_s.a(lib_a-ctype_.o)
                              d:/program/nxp/toolchain/bin/../lib/gcc/arm-none-eabi/4.8.4/../../../../arm-none-eabi/lib/armv7e-m\libg_s.a(lib_a-strftime.o) (__ctype_ptr__)
d:/program/nxp/toolchain/bin/../lib/gcc/arm-none-eabi/4.8.4/../../../../arm-none-eabi/lib/armv7e-m\libg_s.a(lib_a-div.o)
[...]
Memory Configuration

Name             Origin             Length             Attributes
m_interrupts     0x00000000         0x00000400         xr
m_flash_config   0x00000400         0x00000010         xr
m_text           0x00000410         0x0007fbf0         xr
m_data           0x1fff0000         0x00010000         rw
m_data_2         0x20000000         0x00010000         rw
*default*        0x00000000         0xffffffff

Linker script and memory map

LOAD d:/program/nxp/toolchain/bin/../lib/gcc/arm-none-eabi/4.8.4/armv7e-m/crti.o
LOAD d:/program/nxp/toolchain/bin/../lib/gcc/arm-none-eabi/4.8.4/armv7e-m/crtbegin.o
LOAD d:/program/nxp/toolchain/bin/../lib/gcc/arm-none-eabi/4.8.4/../../../../arm-none-eabi/lib/armv7e-m/crt0.o
LOAD ./Sources/addons.o
LOAD ./Sources/init.o
LOAD ./Sources/main.o
LOAD ./Sources/times.o
LOAD ./Sources/uart.o
LOAD ./Project_Settings/Startup_Code/startup_MK60D10.o
LOAD ./Project_Settings/Startup_Code/system_MK60D10.o
LOAD d:/program/nxp/toolchain/bin/../lib/gcc/arm-none-eabi/4.8.4/../../../../arm-none-eabi/lib/armv7e-m\libstdc++_s.a
LOAD d:/program/nxp/toolchain/bin/../lib/gcc/arm-none-eabi/4.8.4/../../../../arm-none-eabi/lib/armv7e-m\libm.a
START GROUP
LOAD d:/program/nxp/toolchain/bin/../lib/gcc/arm-none-eabi/4.8.4/armv7e-m\libgcc.a
LOAD d:/program/nxp/toolchain/bin/../lib/gcc/arm-none-eabi/4.8.4/../../../../arm-none-eabi/lib/armv7e-m\libg_s.a
LOAD d:/program/nxp/toolchain/bin/../lib/gcc/arm-none-eabi/4.8.4/../../../../arm-none-eabi/lib/armv7e-m\libc_s.a
END GROUP
START GROUP
LOAD d:/program/nxp/toolchain/bin/../lib/gcc/arm-none-eabi/4.8.4/armv7e-m\libgcc.a
LOAD d:/program/nxp/toolchain/bin/../lib/gcc/arm-none-eabi/4.8.4/../../../../arm-none-eabi/lib/armv7e-m\libc_s.a
LOAD d:/program/nxp/toolchain/bin/../lib/gcc/arm-none-eabi/4.8.4/../../../../arm-none-eabi/lib/armv7e-m\libnosys.a
END GROUP
START GROUP
LOAD d:/program/nxp/toolchain/bin/../lib/gcc/arm-none-eabi/4.8.4/armv7e-m\libgcc.a
LOAD d:/program/nxp/toolchain/bin/../lib/gcc/arm-none-eabi/4.8.4/../../../../arm-none-eabi/lib/armv7e-m\libc_s.a
LOAD d:/program/nxp/toolchain/bin/../lib/gcc/arm-none-eabi/4.8.4/../../../../arm-none-eabi/lib/armv7e-m\libnosys.a
END GROUP
LOAD d:/program/nxp/toolchain/bin/../lib/gcc/arm-none-eabi/4.8.4/armv7e-m/crtend.o
LOAD d:/program/nxp/toolchain/bin/../lib/gcc/arm-none-eabi/4.8.4/armv7e-m/crtn.o
                0x00000400                HEAP_SIZE = DEFINED (__heap_size__)?__heap_size__:0x400
                0x00000400                STACK_SIZE = DEFINED (__stack_size__)?__stack_size__:0x400

.interrupts     0x00000000      0x400
                0x00000000                __VECTOR_TABLE = .
                0x00000000                . = ALIGN (0x4)
 *(.isr_vector)
 .isr_vector    0x00000000      0x400 ./Project_Settings/Startup_Code/startup_MK60D10.o
                0x00000000                __isr_vector
                0x00000400                . = ALIGN (0x4)

.flash_config   0x00000400       0x10
                0x00000400                . = ALIGN (0x4)
 *(.FlashConfig)
 .FlashConfig   0x00000400       0x10 ./Project_Settings/Startup_Code/startup_MK60D10.o
                0x00000410                . = ALIGN (0x4)

.text           0x00000410     0x4558
                0x00000410                . = ALIGN (0x4)
 *(.text)
 .text          0x00000410       0x54 d:/program/nxp/toolchain/bin/../lib/gcc/arm-none-eabi/4.8.4/armv7e-m/crtbegin.o
 .text          0x00000464       0x74 d:/program/nxp/toolchain/bin/../lib/gcc/arm-none-eabi/4.8.4/../../../../arm-none-eabi/lib/armv7e-m/crt0.o
                0x00000464                _start
                0x00000464                _mainCRTStartup
 .text          0x000004d8       0x30 ./Project_Settings/Startup_Code/startup_MK60D10.o
                0x000004d8                Reset_Handler
                0x00000504                Reserved111_IRQHandler
                0x00000504                DebugMon_Handler
                0x00000504                I2C0_IRQHandler
                0x00000504                HardFault_Handler
                0x00000504                CAN1_ORed_Message_buffer_IRQHandler
                0x00000504                SysTick_Handler
                0x00000504                UART3_RX_TX_IRQHandler
                0x00000504                Reserved114_IRQHandler
                0x00000504                PendSV_Handler
                0x00000504                NMI_Handler
                0x00000504                UART0_RX_TX_IRQHandler
                0x00000504                I2C1_IRQHandler
                0x00000504                DMA2_IRQHandler
                0x00000504                Reserved59_IRQHandler
                0x00000504                ENET_Error_IRQHandler
                0x00000504                CAN0_Tx_Warning_IRQHandler
                0x00000504                PIT0_IRQHandler
                0x00000504                Reserved119_IRQHandler
                0x00000504                CAN0_ORed_Message_buffer_IRQHandler
                0x00000504                CMP2_IRQHandler
                0x00000504                LLWU_IRQHandler
                0x00000504                Reserved116_IRQHandler
                0x00000504                TSI0_IRQHandler
                0x00000504                ENET_Receive_IRQHandler
                0x00000504                ENET_1588_Timer_IRQHandler
                0x00000504                CAN1_Error_IRQHandler
                0x00000504                UART2_RX_TX_IRQHandler
                0x00000504                SWI_IRQHandler
                0x00000504                ADC0_IRQHandler
                0x00000504                UsageFault_Handler
                0x00000504                I2S0_Tx_IRQHandler
                0x00000504                CMT_IRQHandler
                0x00000504                UART4_RX_TX_IRQHandler
                0x00000504                SPI1_IRQHandler
                0x00000504                DefaultISR
                0x00000504                DMA9_IRQHandler
                0x00000504                DMA14_IRQHandler
                0x00000504                CMP1_IRQHandler
                0x00000504                PORTD_IRQHandler
                0x00000504                PORTB_IRQHandler
                0x00000504                UART4_ERR_IRQHandler
                0x00000504                ADC1_IRQHandler
                0x00000504                PIT2_IRQHandler
                0x00000504                I2S0_Rx_IRQHandler
                0x00000504                DMA5_IRQHandler
                0x00000504                PDB0_IRQHandler
                0x00000504                CAN1_Bus_Off_IRQHandler
                0x00000504                CAN0_Rx_Warning_IRQHandler
                0x00000504                FTM1_IRQHandler
                0x00000504                UART5_RX_TX_IRQHandler
                0x00000504                Reserved95_IRQHandler
                0x00000504                UART3_ERR_IRQHandler
                0x00000504                PIT3_IRQHandler
                0x00000504                SDHC_IRQHandler
                0x00000504                RTC_Seconds_IRQHandler
                0x00000504                MCG_IRQHandler
                0x00000504                Reserved108_IRQHandler
                0x00000504                Reserved117_IRQHandler
                0x00000504                UART2_ERR_IRQHandler
                0x00000504                DMA11_IRQHandler
                0x00000504                UART5_ERR_IRQHandler
                0x00000504                Read_Collision_IRQHandler
                0x00000504                DMA7_IRQHandler
                0x00000504                Reserved102_IRQHandler
                0x00000504                ENET_Transmit_IRQHandler
                0x00000504                USBDCD_IRQHandler
                0x00000504                CAN1_Tx_Warning_IRQHandler
                0x00000504                USB0_IRQHandler
                0x00000504                SPI2_IRQHandler
                0x00000504                WDOG_EWM_IRQHandler
                0x00000504                MemManage_Handler
                0x00000504                CAN1_Rx_Warning_IRQHandler
                0x00000504                Reserved115_IRQHandler
                0x00000504                SVC_Handler
                0x00000504                CAN1_Wake_Up_IRQHandler
                0x00000504                Reserved109_IRQHandler
                0x00000504                DMA13_IRQHandler
                0x00000504                DMA3_IRQHandler
                0x00000504                UART0_LON_IRQHandler
                0x00000504                RNG_IRQHandler
                0x00000504                DMA0_IRQHandler
                0x00000504                DMA15_IRQHandler
                0x00000504                DAC0_IRQHandler
                0x00000504                Reserved118_IRQHandler
                0x00000504                CAN0_Error_IRQHandler
                0x00000504                Reserved112_IRQHandler
                0x00000504                DMA4_IRQHandler
                0x00000504                PIT1_IRQHandler
                0x00000504                UART0_ERR_IRQHandler
                0x00000504                DMA_Error_IRQHandler
                0x00000504                LVD_LVW_IRQHandler
                0x00000504                SPI0_IRQHandler
                0x00000504                FTM0_IRQHandler
                0x00000504                PORTA_IRQHandler
                0x00000504                DAC1_IRQHandler
                0x00000504                MCM_IRQHandler
                0x00000504                DMA12_IRQHandler
                0x00000504                FTFL_IRQHandler
                0x00000504                CAN0_Bus_Off_IRQHandler
                0x00000504                FTM2_IRQHandler
                0x00000504                LPTMR0_IRQHandler
                0x00000504                BusFault_Handler
                0x00000504                DMA8_IRQHandler
                0x00000504                DMA10_IRQHandler
                0x00000504                CAN0_Wake_Up_IRQHandler
                0x00000504                UART1_ERR_IRQHandler
                0x00000504                UART1_RX_TX_IRQHandler
                0x00000504                CMP0_IRQHandler
                0x00000504                PORTC_IRQHandler
                0x00000504                DMA6_IRQHandler
                0x00000504                DMA1_IRQHandler
                0x00000504                Reserved113_IRQHandler
 *(.text*)
 .text.NVIC_EnableIRQ
                0x00000508       0x30 ./Sources/addons.o
 .text.NVIC_ClearPendingIRQ
                0x00000538       0x34 ./Sources/addons.o
 .text.on_alarm
                0x0000056c       0x24 ./Sources/addons.o
                0x0000056c                on_alarm
 .text.off_alarm
                0x00000590       0x24 ./Sources/addons.o
                0x00000590                off_alarm
 .text.delay    0x000005b4       0x40 ./Sources/addons.o
                0x000005b4                delay
 .text.beeep    0x000005f4       0x54 ./Sources/addons.o
                0x000005f4                beeep
 .text.light2   0x00000648       0xc4 ./Sources/addons.o
                0x00000648                light2
 .text.light3   0x0000070c       0x9c ./Sources/addons.o
                0x0000070c                light3
 .text.light1   0x000007a8       0x8c ./Sources/addons.o
                0x000007a8                light1
 .text.all_off  0x00000834       0x50 ./Sources/addons.o
                0x00000834                all_off
 .text.ringtone1
                0x00000884       0x58 ./Sources/addons.o
                0x00000884                ringtone1
 .text.ringtone2
                0x000008dc       0xa8 ./Sources/addons.o
                0x000008dc                ringtone2
 .text.ringtone3
                0x00000984       0x90 ./Sources/addons.o
                0x00000984                ringtone3
 .text.alert    0x00000a14       0x60 ./Sources/addons.o
                0x00000a14                alert
 .text.NVIC_EnableIRQ
                0x00000a74       0x30 ./Sources/init.o
 .text.NVIC_ClearPendingIRQ
                0x00000aa4       0x34 ./Sources/init.o
 .text.uart_init
                0x00000ad8       0x6c ./Sources/init.o
                0x00000ad8                uart_init
 .text.rtc_init
                0x00000b44       0x4c ./Sources/init.o
                0x00000b44                rtc_init
 .text.port_init
                0x00000b90       0xa4 ./Sources/init.o
                0x00000b90                port_init
 .text.system_init
                0x00000c34       0x94 ./Sources/init.o
                0x00000c34                system_init
 .text.init     0x00000cc8       0x18 ./Sources/init.o
                0x00000cc8                init
 .text.clean_alarm
                0x00000ce0       0x3c ./Sources/main.o
                0x00000ce0                clean_alarm
 .text.PORTE_IRQHandler
                0x00000d1c      0x2b0 ./Sources/main.o
                0x00000d1c                PORTE_IRQHandler
 .text.RTC_IRQHandler
                0x00000fcc       0x40 ./Sources/main.o
                0x00000fcc                RTC_IRQHandler
 .text.set_time
                0x0000100c       0xfc ./Sources/main.o
                0x0000100c                set_time
 .text.set_amount_repeat
                0x00001108       0x9c ./Sources/main.o
                0x00001108                set_amount_repeat
 .text.set_time_repeat
                0x000011a4       0xa8 ./Sources/main.o
                0x000011a4                set_time_repeat
 .text.set_alarm
                0x0000124c       0xd0 ./Sources/main.o
                0x0000124c                set_alarm
 .text.set_light
                0x0000131c       0x88 ./Sources/main.o
                0x0000131c                set_light
 .text.set_music
                0x000013a4       0x88 ./Sources/main.o
                0x000013a4                set_music
 .text.alarm    0x0000142c       0x4c ./Sources/main.o
                0x0000142c                alarm
 .text.main     0x00001478       0xcc ./Sources/main.o
                0x00001478                main
 .text.return_seconds
                0x00001544      0x10c ./Sources/times.o
                0x00001544                return_seconds
 .text.return_time_stirng
                0x00001650       0x40 ./Sources/times.o
                0x00001650                return_time_stirng
 .text.return_time_structure
                0x00001690       0x30 ./Sources/times.o
                0x00001690                return_time_structure
 .text.return_alarm_seconds
                0x000016c0      0x130 ./Sources/times.o
                0x000016c0                return_alarm_seconds
 .text.send_char
                0x000017f0       0x3c ./Sources/uart.o
                0x000017f0                send_char
 .text.send_message
                0x0000182c       0x34 ./Sources/uart.o
                0x0000182c                send_message
 .text.recive_char
                0x00001860       0x2c ./Sources/uart.o
                0x00001860                recive_char
 .text.recive_time
                0x0000188c       0xc4 ./Sources/uart.o
                0x0000188c                recive_time
 .text.recive_alarm_time
                0x00001950       0x80 ./Sources/uart.o
                0x00001950                recive_alarm_time
 .text.recive_choice
                0x000019d0       0x28 ./Sources/uart.o
                0x000019d0                recive_choice
 .text.recive_amount_repeat
                0x000019f8       0x84 ./Sources/uart.o
                0x000019f8                recive_amount_repeat
 .text.recive_time_repeat
                0x00001a7c       0x6c ./Sources/uart.o
                0x00001a7c                recive_time_repeat
 .text.SystemInit
                0x00001ae8       0x28 ./Project_Settings/Startup_Code/system_MK60D10.o
                0x00001ae8                SystemInit
 .text.atoi     0x00001b10        0x8 d:/program/nxp/toolchain/bin/../lib/gcc/arm-none-eabi/4.8.4/../../../../arm-none-eabi/lib/armv7e-m\libg_s.a(lib_a-atoi.o)
                0x00001b10                atoi
 .text.exit     0x00001b18       0x28 d:/program/nxp/toolchain/bin/../lib/gcc/arm-none-eabi/4.8.4/../../../../arm-none-eabi/lib/armv7e-m\libg_s.a(lib_a-exit.o)
                0x00001b18                exit
 .text.__libc_init_array
                0x00001b40       0x4c d:/program/nxp/toolchain/bin/../lib/gcc/arm-none-eabi/4.8.4/../../../../arm-none-eabi/lib/armv7e-m\libg_s.a(lib_a-init.o)
                0x00001b40                __libc_init_array
 .text.localtime_r
                0x00001b8c        0x6 d:/program/nxp/toolchain/bin/../lib/gcc/arm-none-eabi/4.8.4/../../../../arm-none-eabi/lib/armv7e-m\libg_s.a(lib_a-lcltime_r.o)
                0x00001b8c                localtime_r
 .text.memset   0x00001b92       0x10 d:/program/nxp/toolchain/bin/../lib/gcc/arm-none-eabi/4.8.4/../../../../arm-none-eabi/lib/armv7e-m\libg_s.a(lib_a-memset.o)
                0x00001b92                memset
 *fill*         0x00001ba2        0x2 
 .text.validate_structure
                0x00001ba4      0x1a4 d:/program/nxp/toolchain/bin/../lib/gcc/arm-none-eabi/4.8.4/../../../../arm-none-eabi/lib/armv7e-m\libg_s.a(lib_a-mktime.o)
 .text.mktime   0x00001d48      0x2cc d:/program/nxp/toolchain/bin/../lib/gcc/arm-none-eabi/4.8.4/../../../../arm-none-eabi/lib/armv7e-m\libg_s.a(lib_a-mktime.o)
                0x00001d48                mktime
 .text.__tzcalc_limits
                0x00002014      0x15c d:/program/nxp/toolchain/bin/../lib/gcc/arm-none-eabi/4.8.4/../../../../arm-none-eabi/lib/armv7e-m\libg_s.a(lib_a-mktm_r.o)
                0x00002014                __tzcalc_limits
 .text._mktm_r  0x00002170      0x290 d:/program/nxp/toolchain/bin/../lib/gcc/arm-none-eabi/4.8.4/../../../../arm-none-eabi/lib/armv7e-m\libg_s.a(lib_a-mktm_r.o)
                0x00002170                _mktm_r
 .text.iso_year_adjust
                0x00002400       0xc4 d:/program/nxp/toolchain/bin/../lib/gcc/arm-none-eabi/4.8.4/../../../../arm-none-eabi/lib/armv7e-m\libg_s.a(lib_a-strftime.o)
 .text.strftime
                0x000024c4      0x86c d:/program/nxp/toolchain/bin/../lib/gcc/arm-none-eabi/4.8.4/../../../../arm-none-eabi/lib/armv7e-m\libg_s.a(lib_a-strftime.o)
                0x000024c4                strftime
 .text.strlen   0x00002d30       0x10 d:/program/nxp/toolchain/bin/../lib/gcc/arm-none-eabi/4.8.4/../../../../arm-none-eabi/lib/armv7e-m\libg_s.a(lib_a-strlen.o)
                0x00002d30                strlen
 .text.is_leap_year
                0x00002d40       0x2e d:/program/nxp/toolchain/bin/../lib/gcc/arm-none-eabi/4.8.4/../../../../arm-none-eabi/lib/armv7e-m\libg_s.a(lib_a-strptime.o)
 .text.first_day
                0x00002d6e       0x2e d:/program/nxp/toolchain/bin/../lib/gcc/arm-none-eabi/4.8.4/../../../../arm-none-eabi/lib/armv7e-m\libg_s.a(lib_a-strptime.o)
 .text.match_string
                0x00002d9c       0x36 d:/program/nxp/toolchain/bin/../lib/gcc/arm-none-eabi/4.8.4/../../../../arm-none-eabi/lib/armv7e-m\libg_s.a(lib_a-strptime.o)
 *fill*         0x00002dd2        0x2 
 .text.strptime
                0x00002dd4      0x544 d:/program/nxp/toolchain/bin/../lib/gcc/arm-none-eabi/4.8.4/../../../../arm-none-eabi/lib/armv7e-m\libg_s.a(lib_a-strptime.o)
                0x00002dd4                strptime
 .text._strtol_r
                0x00003318      0x104 d:/program/nxp/toolchain/bin/../lib/gcc/arm-none-eabi/4.8.4/../../../../arm-none-eabi/lib/armv7e-m\libg_s.a(lib_a-strtol.o)
                0x00003318                _strtol_r
 .text.strtol   0x0000341c       0x1c d:/program/nxp/toolchain/bin/../lib/gcc/arm-none-eabi/4.8.4/../../../../arm-none-eabi/lib/armv7e-m\libg_s.a(lib_a-strtol.o)
                0x0000341c                strtol
 .text._strtoul_r
                0x00003438       0xf0 d:/program/nxp/toolchain/bin/../lib/gcc/arm-none-eabi/4.8.4/../../../../arm-none-eabi/lib/armv7e-m\libg_s.a(lib_a-strtoul.o)
                0x00003438                _strtoul_r
 .text.strtoul  0x00003528       0x1c d:/program/nxp/toolchain/bin/../lib/gcc/arm-none-eabi/4.8.4/../../../../arm-none-eabi/lib/armv7e-m\libg_s.a(lib_a-strtoul.o)
                0x00003528                strtoul
 .text.__get_current_time_locale
                0x00003544       0x20 d:/program/nxp/toolchain/bin/../lib/gcc/arm-none-eabi/4.8.4/../../../../arm-none-eabi/lib/armv7e-m\libg_s.a(lib_a-timelocal.o)
                0x00003544                __get_current_time_locale
 .text.__tz_lock
                0x00003564        0x2 d:/program/nxp/toolchain/bin/../lib/gcc/arm-none-eabi/4.8.4/../../../../arm-none-eabi/lib/armv7e-m\libg_s.a(lib_a-tzlock.o)
                0x00003564                __tz_lock
 .text.__tz_unlock
                0x00003566        0x2 d:/program/nxp/toolchain/bin/../lib/gcc/arm-none-eabi/4.8.4/../../../../arm-none-eabi/lib/armv7e-m\libg_s.a(lib_a-tzlock.o)
                0x00003566                __tz_unlock
 .text.abs      0x00003568        0x8 d:/program/nxp/toolchain/bin/../lib/gcc/arm-none-eabi/4.8.4/../../../../arm-none-eabi/lib/armv7e-m\libg_s.a(lib_a-abs.o)
                0x00003568                abs
 .text.div      0x00003570       0x28 d:/program/nxp/toolchain/bin/../lib/gcc/arm-none-eabi/4.8.4/../../../../arm-none-eabi/lib/armv7e-m\libg_s.a(lib_a-div.o)
                0x00003570                div
 .text.__gettzinfo
                0x00003598        0x8 d:/program/nxp/toolchain/bin/../lib/gcc/arm-none-eabi/4.8.4/../../../../arm-none-eabi/lib/armv7e-m\libg_s.a(lib_a-gettzinfo.o)
                0x00003598                __gettzinfo
 .text.labs     0x000035a0        0x8 d:/program/nxp/toolchain/bin/../lib/gcc/arm-none-eabi/4.8.4/../../../../arm-none-eabi/lib/armv7e-m\libg_s.a(lib_a-labs.o)
                0x000035a0                labs
 .text._free_r  0x000035a8       0x88 d:/program/nxp/toolchain/bin/../lib/gcc/arm-none-eabi/4.8.4/../../../../arm-none-eabi/lib/armv7e-m\libg_s.a(lib_a-nano-freer.o)
                0x000035a8                _free_r
 .text._malloc_r
                0x00003630       0xa8 d:/program/nxp/toolchain/bin/../lib/gcc/arm-none-eabi/4.8.4/../../../../arm-none-eabi/lib/armv7e-m\libg_s.a(lib_a-nano-mallocr.o)
                0x00003630                _malloc_r
 .text._sbrk_r  0x000036d8       0x20 d:/program/nxp/toolchain/bin/../lib/gcc/arm-none-eabi/4.8.4/../../../../arm-none-eabi/lib/armv7e-m\libg_s.a(lib_a-sbrkr.o)
                0x000036d8                _sbrk_r
 .text.snprintf
                0x000036f8       0x64 d:/program/nxp/toolchain/bin/../lib/gcc/arm-none-eabi/4.8.4/../../../../arm-none-eabi/lib/armv7e-m\libg_s.a(lib_a-snprintf.o)
                0x000036f8                sniprintf
                0x000036f8                snprintf
 .text.strcpy   0x0000375c       0x10 d:/program/nxp/toolchain/bin/../lib/gcc/arm-none-eabi/4.8.4/../../../../arm-none-eabi/lib/armv7e-m\libg_s.a(lib_a-strcpy.o)
                0x0000375c                strcpy
 .text.strncasecmp
                0x0000376c       0x44 d:/program/nxp/toolchain/bin/../lib/gcc/arm-none-eabi/4.8.4/../../../../arm-none-eabi/lib/armv7e-m\libg_s.a(lib_a-strncasecmp.o)
                0x0000376c                strncasecmp
 .text.__ssputs_r
                0x000037b0       0xb8 d:/program/nxp/toolchain/bin/../lib/gcc/arm-none-eabi/4.8.4/../../../../arm-none-eabi/lib/armv7e-m\libg_s.a(lib_a-svfprintf.o)
                0x000037b0                __ssputs_r
 .text._svfprintf_r
                0x00003868      0x1dc d:/program/nxp/toolchain/bin/../lib/gcc/arm-none-eabi/4.8.4/../../../../arm-none-eabi/lib/armv7e-m\libg_s.a(lib_a-svfprintf.o)
                0x00003868                _svfiprintf_r
                0x00003868                _svfprintf_r
 .text._printf_common
                0x00003a44       0xe4 d:/program/nxp/toolchain/bin/../lib/gcc/arm-none-eabi/4.8.4/../../../../arm-none-eabi/lib/armv7e-m\libg_s.a(lib_a-vfprintf_i.o)
                0x00003a44                _printf_common
 .text._printf_i
                0x00003b28      0x228 d:/program/nxp/toolchain/bin/../lib/gcc/arm-none-eabi/4.8.4/../../../../arm-none-eabi/lib/armv7e-m\libg_s.a(lib_a-vfprintf_i.o)
                0x00003b28                _printf_i
 .text.memchr   0x00003d50       0x1e d:/program/nxp/toolchain/bin/../lib/gcc/arm-none-eabi/4.8.4/../../../../arm-none-eabi/lib/armv7e-m\libg_s.a(lib_a-memchr-stub.o)
                0x00003d50                memchr
 .text.memcpy   0x00003d6e       0x12 d:/program/nxp/toolchain/bin/../lib/gcc/arm-none-eabi/4.8.4/../../../../arm-none-eabi/lib/armv7e-m\libg_s.a(lib_a-memcpy-stub.o)
                0x00003d6e                memcpy
 .text.memmove  0x00003d80       0x36 d:/program/nxp/toolchain/bin/../lib/gcc/arm-none-eabi/4.8.4/../../../../arm-none-eabi/lib/armv7e-m\libg_s.a(lib_a-memmove.o)
                0x00003d80                memmove
 .text._realloc_r
                0x00003db6       0x4c d:/program/nxp/toolchain/bin/../lib/gcc/arm-none-eabi/4.8.4/../../../../arm-none-eabi/lib/armv7e-m\libg_s.a(lib_a-nano-reallocr.o)
                0x00003db6                _realloc_r
 .text._malloc_usable_size_r
                0x00003e02       0x12 d:/program/nxp/toolchain/bin/../lib/gcc/arm-none-eabi/4.8.4/../../../../arm-none-eabi/lib/armv7e-m\libg_s.a(lib_a-nano-msizer.o)
                0x00003e02                _malloc_usable_size_r
 .text._sbrk    0x00003e14       0x34 d:/program/nxp/toolchain/bin/../lib/gcc/arm-none-eabi/4.8.4/../../../../arm-none-eabi/lib/armv7e-m\libnosys.a(sbrk.o)
                0x00003e14                _sbrk
 .text._exit    0x00003e48        0x4 d:/program/nxp/toolchain/bin/../lib/gcc/arm-none-eabi/4.8.4/../../../../arm-none-eabi/lib/armv7e-m\libnosys.a(_exit.o)
                0x00003e48                _exit
 *(.rodata)
 .rodata        0x00003e4c      0x4ac ./Sources/main.o
 .rodata        0x000042f8      0x18c ./Sources/times.o
 .rodata        0x00004484        0x4 ./Sources/uart.o
 *(.rodata*)
 .rodata.str1.1
                0x00004488        0x2 d:/program/nxp/toolchain/bin/../lib/gcc/arm-none-eabi/4.8.4/../../../../arm-none-eabi/lib/armv7e-m\libg_s.a(lib_a-impure.o)
 *fill*         0x0000448a        0x2 
 .rodata._global_impure_ptr
                0x0000448c        0x4 d:/program/nxp/toolchain/bin/../lib/gcc/arm-none-eabi/4.8.4/../../../../arm-none-eabi/lib/armv7e-m\libg_s.a(lib_a-impure.o)
                0x0000448c                _global_impure_ptr
 .rodata._DAYS_BEFORE_MONTH
                0x00004490       0x30 d:/program/nxp/toolchain/bin/../lib/gcc/arm-none-eabi/4.8.4/../../../../arm-none-eabi/lib/armv7e-m\libg_s.a(lib_a-mktime.o)
 .rodata.DAYS_IN_MONTH
                0x000044c0       0x30 d:/program/nxp/toolchain/bin/../lib/gcc/arm-none-eabi/4.8.4/../../../../arm-none-eabi/lib/armv7e-m\libg_s.a(lib_a-mktime.o)
 .rodata.mon_lengths
                0x000044f0       0x60 d:/program/nxp/toolchain/bin/../lib/gcc/arm-none-eabi/4.8.4/../../../../arm-none-eabi/lib/armv7e-m\libg_s.a(lib_a-mktm_r.o)
 .rodata.year_lengths
                0x00004550        0x8 d:/program/nxp/toolchain/bin/../lib/gcc/arm-none-eabi/4.8.4/../../../../arm-none-eabi/lib/armv7e-m\libg_s.a(lib_a-mktm_r.o)
 .rodata.str1.1
                0x00004558       0x56 d:/program/nxp/toolchain/bin/../lib/gcc/arm-none-eabi/4.8.4/../../../../arm-none-eabi/lib/armv7e-m\libg_s.a(lib_a-strftime.o)
                                 0x66 (size before relaxing)
 *fill*         0x000045ae        0x2 
 .rodata._DAYS_BEFORE_MONTH
                0x000045b0       0x30 d:/program/nxp/toolchain/bin/../lib/gcc/arm-none-eabi/4.8.4/../../../../arm-none-eabi/lib/armv7e-m\libg_s.a(lib_a-strptime.o)
 .rodata.str1.1
                0x000045e0       0x18 d:/program/nxp/toolchain/bin/../lib/gcc/arm-none-eabi/4.8.4/../../../../arm-none-eabi/lib/armv7e-m\libg_s.a(lib_a-strptime.o)
 .rodata.str1.1
                0x000045f8      0x121 d:/program/nxp/toolchain/bin/../lib/gcc/arm-none-eabi/4.8.4/../../../../arm-none-eabi/lib/armv7e-m\libg_s.a(lib_a-timelocal.o)
                                0x134 (size before relaxing)
 *fill*         0x00004719        0x3 
 .rodata._C_time_locale
                0x0000471c       0xfc d:/program/nxp/toolchain/bin/../lib/gcc/arm-none-eabi/4.8.4/../../../../arm-none-eabi/lib/armv7e-m\libg_s.a(lib_a-timelocal.o)
 .rodata.str1.1
                0x00004818        0x4 d:/program/nxp/toolchain/bin/../lib/gcc/arm-none-eabi/4.8.4/../../../../arm-none-eabi/lib/armv7e-m\libg_s.a(lib_a-tzvars.o)
 .rodata._ctype_
                0x0000481c      0x101 d:/program/nxp/toolchain/bin/../lib/gcc/arm-none-eabi/4.8.4/../../../../arm-none-eabi/lib/armv7e-m\libg_s.a(lib_a-ctype_.o)
                0x0000481c                _ctype_
 .rodata.str1.1
                0x0000491d       0x11 d:/program/nxp/toolchain/bin/../lib/gcc/arm-none-eabi/4.8.4/../../../../arm-none-eabi/lib/armv7e-m\libg_s.a(lib_a-svfprintf.o)
 .rodata.str1.1
                0x0000492e       0x22 d:/program/nxp/toolchain/bin/../lib/gcc/arm-none-eabi/4.8.4/../../../../arm-none-eabi/lib/armv7e-m\libg_s.a(lib_a-vfprintf_i.o)
 *(.glue_7)
 .glue_7        0x00000000        0x0 linker stubs
 *(.glue_7t)
 .glue_7t       0x00000000        0x0 linker stubs
 *(.eh_frame)
 .eh_frame      0x00004950        0x0 d:/program/nxp/toolchain/bin/../lib/gcc/arm-none-eabi/4.8.4/armv7e-m/crtbegin.o
 *(.init)
 .init          0x00004950        0x4 d:/program/nxp/toolchain/bin/../lib/gcc/arm-none-eabi/4.8.4/armv7e-m/crti.o
                0x00004950                _init
 .init          0x00004954        0x8 d:/program/nxp/toolchain/bin/../lib/gcc/arm-none-eabi/4.8.4/armv7e-m/crtn.o
 *(.fini)
 .fini          0x0000495c        0x4 d:/program/nxp/toolchain/bin/../lib/gcc/arm-none-eabi/4.8.4/armv7e-m/crti.o
                0x0000495c                _fini
 .fini          0x00004960        0x8 d:/program/nxp/toolchain/bin/../lib/gcc/arm-none-eabi/4.8.4/armv7e-m/crtn.o
                0x00004968                . = ALIGN (0x4)

.vfp11_veneer   0x00004968        0x0
 .vfp11_veneer  0x00000000        0x0 linker stubs

.v4_bx          0x00004968        0x0
 .v4_bx         0x00000000        0x0 linker stubs

.iplt           0x00004968        0x0
 .iplt          0x00000000        0x0 d:/program/nxp/toolchain/bin/../lib/gcc/arm-none-eabi/4.8.4/armv7e-m/crtbegin.o

.ARM.extab
 *(.ARM.extab* .gnu.linkonce.armextab.*)

.ARM            0x00004968        0x8
                0x00004968                __exidx_start = .
 *(.ARM.exidx*)
 .ARM.exidx     0x00004968        0x8 d:/program/nxp/toolchain/bin/../lib/gcc/arm-none-eabi/4.8.4/../../../../arm-none-eabi/lib/armv7e-m/crt0.o
                0x00004970                __exidx_end = .

.rel.dyn        0x00004970        0x0
 .rel.iplt      0x00000000        0x0 d:/program/nxp/toolchain/bin/../lib/gcc/arm-none-eabi/4.8.4/armv7e-m/crtbegin.o

.ctors          0x00004970        0x0
                0x00004970                __CTOR_LIST__ = .
 *crtbegin.o(.ctors)
 *crtbegin?.o(.ctors)
 *(EXCLUDE_FILE(*crtend.o *crtend?.o) .ctors)
 *(SORT(.ctors.*))
 *(.ctors)
                0x00004970                __CTOR_END__ = .

.dtors          0x00004970        0x0
                0x00004970                __DTOR_LIST__ = .
 *crtbegin.o(.dtors)
 *crtbegin?.o(.dtors)
 *(EXCLUDE_FILE(*crtend.o *crtend?.o) .dtors)
 *(SORT(.dtors.*))
 *(.dtors)
                0x00004970                __DTOR_END__ = .

.preinit_array  0x00004970        0x0
                0x00004970                PROVIDE (__preinit_array_start, .)
 *(.preinit_array*)
                0x00004970                PROVIDE (__preinit_array_end, .)

.init_array     0x00004970        0x4
                0x00004970                PROVIDE (__init_array_start, .)
 *(SORT(.init_array.*))
 *(.init_array*)
 .init_array    0x00004970        0x4 d:/program/nxp/toolchain/bin/../lib/gcc/arm-none-eabi/4.8.4/armv7e-m/crtbegin.o
                0x00004974                PROVIDE (__init_array_end, .)

.fini_array     0x00004974        0x4
                0x00004974                PROVIDE (__fini_array_start, .)
 *(SORT(.fini_array.*))
 *(.fini_array*)
 .fini_array    0x00004974        0x4 d:/program/nxp/toolchain/bin/../lib/gcc/arm-none-eabi/4.8.4/armv7e-m/crtbegin.o
                0x00004978                PROVIDE (__fini_array_end, .)
                0x00004978                __etext = .
                0x00004978                __DATA_ROM = .

.data           0x1fff0000       0xc0 load address 0x00004978
                0x1fff0000                . = ALIGN (0x4)
                0x1fff0000                __DATA_RAM = .
                0x1fff0000                __data_start__ = .
 *(.data)
 *(.data*)
 .data.sleep_mode
                0x1fff0000        0x1 ./Sources/main.o
                0x1fff0000                sleep_mode
 *fill*         0x1fff0001        0x3 
 .data.time_alert
                0x1fff0004        0x4 ./Sources/main.o
                0x1fff0004                time_alert
 .data.alarm_sound
                0x1fff0008        0x1 ./Sources/main.o
                0x1fff0008                alarm_sound
 .data.alarm_light
                0x1fff0009        0x1 ./Sources/main.o
                0x1fff0009                alarm_light
 *fill*         0x1fff000a        0x2 
 .data.impure_data
                0x1fff000c       0x60 d:/program/nxp/toolchain/bin/../lib/gcc/arm-none-eabi/4.8.4/../../../../arm-none-eabi/lib/armv7e-m\libg_s.a(lib_a-impure.o)
 .data._impure_ptr
                0x1fff006c        0x4 d:/program/nxp/toolchain/bin/../lib/gcc/arm-none-eabi/4.8.4/../../../../arm-none-eabi/lib/armv7e-m\libg_s.a(lib_a-impure.o)
                0x1fff006c                _impure_ptr
 .data._tzname  0x1fff0070        0x8 d:/program/nxp/toolchain/bin/../lib/gcc/arm-none-eabi/4.8.4/../../../../arm-none-eabi/lib/armv7e-m\libg_s.a(lib_a-tzvars.o)
                0x1fff0070                _tzname
 .data.__ctype_ptr__
                0x1fff0078        0x4 d:/program/nxp/toolchain/bin/../lib/gcc/arm-none-eabi/4.8.4/../../../../arm-none-eabi/lib/armv7e-m\libg_s.a(lib_a-ctype_.o)
                0x1fff0078                __ctype_ptr__
 .data.tzinfo   0x1fff007c       0x40 d:/program/nxp/toolchain/bin/../lib/gcc/arm-none-eabi/4.8.4/../../../../arm-none-eabi/lib/armv7e-m\libg_s.a(lib_a-gettzinfo.o)
 *(.jcr*)
 .jcr           0x1fff00bc        0x0 d:/program/nxp/toolchain/bin/../lib/gcc/arm-none-eabi/4.8.4/armv7e-m/crtbegin.o
 .jcr           0x1fff00bc        0x4 d:/program/nxp/toolchain/bin/../lib/gcc/arm-none-eabi/4.8.4/armv7e-m/crtend.o
                0x1fff00c0                . = ALIGN (0x4)
                0x1fff00c0                __data_end__ = .
                0x00004a38                __DATA_END = (__DATA_ROM + (__data_end__ - __data_start__))

.igot.plt       0x1fff00c0        0x0 load address 0x00004a38
 .igot.plt      0x00000000        0x0 d:/program/nxp/toolchain/bin/../lib/gcc/arm-none-eabi/4.8.4/armv7e-m/crtbegin.o

.bss            0x1fff00c0      0x14c load address 0x00004a38
                0x1fff00c0                . = ALIGN (0x4)
                0x1fff00c0                __START_BSS = .
                0x1fff00c0                __bss_start__ = .
 *(.bss)
 .bss           0x1fff00c0       0x1c d:/program/nxp/toolchain/bin/../lib/gcc/arm-none-eabi/4.8.4/armv7e-m/crtbegin.o
 *(.bss*)
 .bss.state     0x1fff00dc        0x1 ./Sources/main.o
                0x1fff00dc                state
 .bss.amount_repeat
                0x1fff00dd        0x1 ./Sources/main.o
                0x1fff00dd                amount_repeat
 *fill*         0x1fff00de        0x2 
 .bss.repeat_time
                0x1fff00e0        0x4 ./Sources/main.o
                0x1fff00e0                repeat_time
 .bss.amount_repeat_save
                0x1fff00e4        0x1 ./Sources/main.o
                0x1fff00e4                amount_repeat_save
 *fill*         0x1fff00e5        0x3 
 .bss.repeat_time_save
                0x1fff00e8        0x4 ./Sources/main.o
                0x1fff00e8                repeat_time_save
 .bss.alert_on  0x1fff00ec        0x1 ./Sources/main.o
                0x1fff00ec                alert_on
 .bss.alarm_set
                0x1fff00ed        0x1 ./Sources/main.o
                0x1fff00ed                alarm_set
 .bss.alarm_time_set
                0x1fff00ee        0x1 ./Sources/main.o
                0x1fff00ee                alarm_time_set
 *fill*         0x1fff00ef        0x1 
 .bss._time_using_locale
                0x1fff00f0        0x4 d:/program/nxp/toolchain/bin/../lib/gcc/arm-none-eabi/4.8.4/../../../../arm-none-eabi/lib/armv7e-m\libg_s.a(lib_a-timelocal.o)
 .bss._time_locale
                0x1fff00f4       0xfc d:/program/nxp/toolchain/bin/../lib/gcc/arm-none-eabi/4.8.4/../../../../arm-none-eabi/lib/armv7e-m\libg_s.a(lib_a-timelocal.o)
 .bss._daylight
                0x1fff01f0        0x4 d:/program/nxp/toolchain/bin/../lib/gcc/arm-none-eabi/4.8.4/../../../../arm-none-eabi/lib/armv7e-m\libg_s.a(lib_a-tzvars.o)
                0x1fff01f0                _daylight
 .bss.__malloc_sbrk_start
                0x1fff01f4        0x4 d:/program/nxp/toolchain/bin/../lib/gcc/arm-none-eabi/4.8.4/../../../../arm-none-eabi/lib/armv7e-m\libg_s.a(lib_a-nano-mallocr.o)
                0x1fff01f4                __malloc_sbrk_start
 .bss.__malloc_free_list
                0x1fff01f8        0x4 d:/program/nxp/toolchain/bin/../lib/gcc/arm-none-eabi/4.8.4/../../../../arm-none-eabi/lib/armv7e-m\libg_s.a(lib_a-nano-mallocr.o)
                0x1fff01f8                __malloc_free_list
 .bss.heap_end.4246
                0x1fff01fc        0x4 d:/program/nxp/toolchain/bin/../lib/gcc/arm-none-eabi/4.8.4/../../../../arm-none-eabi/lib/armv7e-m\libnosys.a(sbrk.o)
 *(COMMON)
 COMMON         0x1fff0200        0x6 ./Sources/main.o
                0x1fff0200                alarm_time
 *fill*         0x1fff0206        0x2 
 COMMON         0x1fff0208        0x4 d:/program/nxp/toolchain/bin/../lib/gcc/arm-none-eabi/4.8.4/../../../../arm-none-eabi/lib/armv7e-m\libg_s.a(lib_a-reent.o)
                0x1fff0208                errno
                0x1fff020c                . = ALIGN (0x4)
                0x1fff020c                __bss_end__ = .
                0x1fff020c                __END_BSS = .

.heap           0x20000000      0x400
                0x20000000                . = ALIGN (0x8)
                0x20000000                __end__ = .
                0x20000000                PROVIDE (end, .)
                0x20000000                __HeapBase = .
                0x20000400                . = (. + HEAP_SIZE)
 *fill*         0x20000000      0x400 
                0x20000400                __HeapLimit = .

.stack          0x20000400      0x400
                0x20000400                . = ALIGN (0x8)
                0x20000800                . = (. + STACK_SIZE)
 *fill*         0x20000400      0x400 
                0x20010000                __StackTop = (ORIGIN (m_data_2) + 0x10000)
                0x2000fc00                __StackLimit = (__StackTop - STACK_SIZE)
                0x20010000                PROVIDE (__stack, __StackTop)

.ARM.attributes
                0x00000000       0x2a
 *(.ARM.attributes)
 .ARM.attributes
                0x00000000       0x1e d:/program/nxp/toolchain/bin/../lib/gcc/arm-none-eabi/4.8.4/armv7e-m/crti.o
 .ARM.attributes
                0x0000001e       0x2e d:/program/nxp/toolchain/bin/../lib/gcc/arm-none-eabi/4.8.4/armv7e-m/crtbegin.o
 .ARM.attributes
                0x0000004c       0x1c d:/program/nxp/toolchain/bin/../lib/gcc/arm-none-eabi/4.8.4/../../../../arm-none-eabi/lib/armv7e-m/crt0.o
 .ARM.attributes
                0x00000068       0x33 ./Sources/addons.o
 .ARM.attributes
                0x0000009b       0x33 ./Sources/init.o
 .ARM.attributes
                0x000000ce       0x33 ./Sources/main.o
 .ARM.attributes
                0x00000101       0x33 ./Sources/times.o
 .ARM.attributes
                0x00000134       0x33 ./Sources/uart.o
 .ARM.attributes
                0x00000167       0x1b ./Project_Settings/Startup_Code/startup_MK60D10.o
 .ARM.attributes
                0x00000182       0x33 ./Project_Settings/Startup_Code/system_MK60D10.o
 .ARM.attributes
                0x000001b5       0x2e d:/program/nxp/toolchain/bin/../lib/gcc/arm-none-eabi/4.8.4/../../../../arm-none-eabi/lib/armv7e-m\libg_s.a(lib_a-atoi.o)
 .ARM.attributes
                0x000001e3       0x2e d:/program/nxp/toolchain/bin/../lib/gcc/arm-none-eabi/4.8.4/../../../../arm-none-eabi/lib/armv7e-m\libg_s.a(lib_a-exit.o)
 .ARM.attributes
                0x00000211       0x2e d:/program/nxp/toolchain/bin/../lib/gcc/arm-none-eabi/4.8.4/../../../../arm-none-eabi/lib/armv7e-m\libg_s.a(lib_a-impure.o)
 .ARM.attributes
                0x0000023f       0x2e d:/program/nxp/toolchain/bin/../lib/gcc/arm-none-eabi/4.8.4/../../../../arm-none-eabi/lib/armv7e-m\libg_s.a(lib_a-init.o)
 .ARM.attributes
                0x0000026d       0x2e d:/program/nxp/toolchain/bin/../lib/gcc/arm-none-eabi/4.8.4/../../../../arm-none-eabi/lib/armv7e-m\libg_s.a(lib_a-lcltime_r.o)
 .ARM.attributes
                0x0000029b       0x2e d:/program/nxp/toolchain/bin/../lib/gcc/arm-none-eabi/4.8.4/../../../../arm-none-eabi/lib/armv7e-m\libg_s.a(lib_a-memset.o)
 .ARM.attributes
                0x000002c9       0x2e d:/program/nxp/toolchain/bin/../lib/gcc/arm-none-eabi/4.8.4/../../../../arm-none-eabi/lib/armv7e-m\libg_s.a(lib_a-mktime.o)
 .ARM.attributes
                0x000002f7       0x2e d:/program/nxp/toolchain/bin/../lib/gcc/arm-none-eabi/4.8.4/../../../../arm-none-eabi/lib/armv7e-m\libg_s.a(lib_a-mktm_r.o)
 .ARM.attributes
                0x00000325       0x2e d:/program/nxp/toolchain/bin/../lib/gcc/arm-none-eabi/4.8.4/../../../../arm-none-eabi/lib/armv7e-m\libg_s.a(lib_a-strftime.o)
 .ARM.attributes
                0x00000353       0x2e d:/program/nxp/toolchain/bin/../lib/gcc/arm-none-eabi/4.8.4/../../../../arm-none-eabi/lib/armv7e-m\libg_s.a(lib_a-strlen.o)
 .ARM.attributes
                0x00000381       0x2e d:/program/nxp/toolchain/bin/../lib/gcc/arm-none-eabi/4.8.4/../../../../arm-none-eabi/lib/armv7e-m\libg_s.a(lib_a-strptime.o)
 .ARM.attributes
                0x000003af       0x2e d:/program/nxp/toolchain/bin/../lib/gcc/arm-none-eabi/4.8.4/../../../../arm-none-eabi/lib/armv7e-m\libg_s.a(lib_a-strtol.o)
 .ARM.attributes
                0x000003dd       0x2e d:/program/nxp/toolchain/bin/../lib/gcc/arm-none-eabi/4.8.4/../../../../arm-none-eabi/lib/armv7e-m\libg_s.a(lib_a-strtoul.o)
 .ARM.attributes
                0x0000040b       0x2e d:/program/nxp/toolchain/bin/../lib/gcc/arm-none-eabi/4.8.4/../../../../arm-none-eabi/lib/armv7e-m\libg_s.a(lib_a-timelocal.o)
 .ARM.attributes
                0x00000439       0x2e d:/program/nxp/toolchain/bin/../lib/gcc/arm-none-eabi/4.8.4/../../../../arm-none-eabi/lib/armv7e-m\libg_s.a(lib_a-tzlock.o)
 .ARM.attributes
                0x00000467       0x2e d:/program/nxp/toolchain/bin/../lib/gcc/arm-none-eabi/4.8.4/../../../../arm-none-eabi/lib/armv7e-m\libg_s.a(lib_a-tzvars.o)
 .ARM.attributes
                0x00000495       0x2e d:/program/nxp/toolchain/bin/../lib/gcc/arm-none-eabi/4.8.4/../../../../arm-none-eabi/lib/armv7e-m\libg_s.a(lib_a-abs.o)
 .ARM.attributes
                0x000004c3       0x2e d:/program/nxp/toolchain/bin/../lib/gcc/arm-none-eabi/4.8.4/../../../../arm-none-eabi/lib/armv7e-m\libg_s.a(lib_a-ctype_.o)
 .ARM.attributes
                0x000004f1       0x2e d:/program/nxp/toolchain/bin/../lib/gcc/arm-none-eabi/4.8.4/../../../../arm-none-eabi/lib/armv7e-m\libg_s.a(lib_a-div.o)
 .ARM.attributes
                0x0000051f       0x2e d:/program/nxp/toolchain/bin/../lib/gcc/arm-none-eabi/4.8.4/../../../../arm-none-eabi/lib/armv7e-m\libg_s.a(lib_a-gettzinfo.o)
 .ARM.attributes
                0x0000054d       0x2e d:/program/nxp/toolchain/bin/../lib/gcc/arm-none-eabi/4.8.4/../../../../arm-none-eabi/lib/armv7e-m\libg_s.a(lib_a-labs.o)
 .ARM.attributes
                0x0000057b       0x2e d:/program/nxp/toolchain/bin/../lib/gcc/arm-none-eabi/4.8.4/../../../../arm-none-eabi/lib/armv7e-m\libg_s.a(lib_a-nano-freer.o)
 .ARM.attributes
                0x000005a9       0x2e d:/program/nxp/toolchain/bin/../lib/gcc/arm-none-eabi/4.8.4/../../../../arm-none-eabi/lib/armv7e-m\libg_s.a(lib_a-nano-mallocr.o)
 .ARM.attributes
                0x000005d7       0x2e d:/program/nxp/toolchain/bin/../lib/gcc/arm-none-eabi/4.8.4/../../../../arm-none-eabi/lib/armv7e-m\libg_s.a(lib_a-sbrkr.o)
 .ARM.attributes
                0x00000605       0x2e d:/program/nxp/toolchain/bin/../lib/gcc/arm-none-eabi/4.8.4/../../../../arm-none-eabi/lib/armv7e-m\libg_s.a(lib_a-snprintf.o)
 .ARM.attributes
                0x00000633       0x2e d:/program/nxp/toolchain/bin/../lib/gcc/arm-none-eabi/4.8.4/../../../../arm-none-eabi/lib/armv7e-m\libg_s.a(lib_a-strcpy.o)
 .ARM.attributes
                0x00000661       0x2e d:/program/nxp/toolchain/bin/../lib/gcc/arm-none-eabi/4.8.4/../../../../arm-none-eabi/lib/armv7e-m\libg_s.a(lib_a-strncasecmp.o)
 .ARM.attributes
                0x0000068f       0x2e d:/program/nxp/toolchain/bin/../lib/gcc/arm-none-eabi/4.8.4/../../../../arm-none-eabi/lib/armv7e-m\libg_s.a(lib_a-svfprintf.o)
 .ARM.attributes
                0x000006bd       0x2e d:/program/nxp/toolchain/bin/../lib/gcc/arm-none-eabi/4.8.4/../../../../arm-none-eabi/lib/armv7e-m\libg_s.a(lib_a-vfprintf_i.o)
 .ARM.attributes
                0x000006eb       0x2e d:/program/nxp/toolchain/bin/../lib/gcc/arm-none-eabi/4.8.4/../../../../arm-none-eabi/lib/armv7e-m\libg_s.a(lib_a-memchr-stub.o)
 .ARM.attributes
                0x00000719       0x2e d:/program/nxp/toolchain/bin/../lib/gcc/arm-none-eabi/4.8.4/../../../../arm-none-eabi/lib/armv7e-m\libg_s.a(lib_a-memcpy-stub.o)
 .ARM.attributes
                0x00000747       0x2e d:/program/nxp/toolchain/bin/../lib/gcc/arm-none-eabi/4.8.4/../../../../arm-none-eabi/lib/armv7e-m\libg_s.a(lib_a-memmove.o)
 .ARM.attributes
                0x00000775       0x2e d:/program/nxp/toolchain/bin/../lib/gcc/arm-none-eabi/4.8.4/../../../../arm-none-eabi/lib/armv7e-m\libg_s.a(lib_a-nano-reallocr.o)
 .ARM.attributes
                0x000007a3       0x2e d:/program/nxp/toolchain/bin/../lib/gcc/arm-none-eabi/4.8.4/../../../../arm-none-eabi/lib/armv7e-m\libg_s.a(lib_a-reent.o)
 .ARM.attributes
                0x000007d1       0x2e d:/program/nxp/toolchain/bin/../lib/gcc/arm-none-eabi/4.8.4/../../../../arm-none-eabi/lib/armv7e-m\libg_s.a(lib_a-nano-msizer.o)
 .ARM.attributes
                0x000007ff       0x2e d:/program/nxp/toolchain/bin/../lib/gcc/arm-none-eabi/4.8.4/../../../../arm-none-eabi/lib/armv7e-m\libnosys.a(sbrk.o)
 .ARM.attributes
                0x0000082d       0x2e d:/program/nxp/toolchain/bin/../lib/gcc/arm-none-eabi/4.8.4/../../../../arm-none-eabi/lib/armv7e-m\libnosys.a(_exit.o)
 .ARM.attributes
                0x0000085b       0x2e d:/program/nxp/toolchain/bin/../lib/gcc/arm-none-eabi/4.8.4/armv7e-m/crtend.o
 .ARM.attributes
                0x00000889       0x1e d:/program/nxp/toolchain/bin/../lib/gcc/arm-none-eabi/4.8.4/armv7e-m/crtn.o
                0x00000001                ASSERT ((__StackLimit >= __HeapLimit), region m_data_2 overflowed with stack and heap)
OUTPUT(Alarm.elf elf32-littlearm)

.debug_info     0x00000000     0x29b4
 .debug_info    0x00000000      0x79f ./Sources/addons.o
 .debug_info    0x0000079f      0xd8a ./Sources/init.o
 .debug_info    0x00001529      0x5fe ./Sources/main.o
 .debug_info    0x00001b27      0x3a0 ./Sources/times.o
 .debug_info    0x00001ec7      0x5dc ./Sources/uart.o
 .debug_info    0x000024a3       0x74 ./Project_Settings/Startup_Code/startup_MK60D10.o
 .debug_info    0x00002517      0x49d ./Project_Settings/Startup_Code/system_MK60D10.o

.debug_abbrev   0x00000000      0x8f6
 .debug_abbrev  0x00000000      0x1b5 ./Sources/addons.o
 .debug_abbrev  0x000001b5      0x165 ./Sources/init.o
 .debug_abbrev  0x0000031a      0x1d5 ./Sources/main.o
 .debug_abbrev  0x000004ef      0x145 ./Sources/times.o
 .debug_abbrev  0x00000634      0x194 ./Sources/uart.o
 .debug_abbrev  0x000007c8       0x14 ./Project_Settings/Startup_Code/startup_MK60D10.o
 .debug_abbrev  0x000007dc      0x11a ./Project_Settings/Startup_Code/system_MK60D10.o

.debug_aranges  0x00000000      0x220
 .debug_aranges
                0x00000000       0x88 ./Sources/addons.o
 .debug_aranges
                0x00000088       0x50 ./Sources/init.o
 .debug_aranges
                0x000000d8       0x70 ./Sources/main.o
 .debug_aranges
                0x00000148       0x38 ./Sources/times.o
 .debug_aranges
                0x00000180       0x58 ./Sources/uart.o
 .debug_aranges
                0x000001d8       0x20 ./Project_Settings/Startup_Code/startup_MK60D10.o
 .debug_aranges
                0x000001f8       0x28 ./Project_Settings/Startup_Code/system_MK60D10.o

.debug_ranges   0x00000000      0x1a0
 .debug_ranges  0x00000000       0x78 ./Sources/addons.o
 .debug_ranges  0x00000078       0x40 ./Sources/init.o
 .debug_ranges  0x000000b8       0x60 ./Sources/main.o
 .debug_ranges  0x00000118       0x28 ./Sources/times.o
 .debug_ranges  0x00000140       0x48 ./Sources/uart.o
 .debug_ranges  0x00000188       0x18 ./Project_Settings/Startup_Code/system_MK60D10.o

.debug_macro    0x00000000    0x1a558
 .debug_macro   0x00000000       0xa9 ./Sources/addons.o
 .debug_macro   0x000000a9      0x84a ./Sources/addons.o
 .debug_macro   0x000008f3       0x16 ./Sources/addons.o
 .debug_macro   0x00000909       0x16 ./Sources/addons.o
 .debug_macro   0x0000091f       0x44 ./Sources/addons.o
 .debug_macro   0x00000963      0x209 ./Sources/addons.o
 .debug_macro   0x00000b6c       0x53 ./Sources/addons.o
 .debug_macro   0x00000bbf       0x3b ./Sources/addons.o
 .debug_macro   0x00000bfa       0x2d ./Sources/addons.o
 .debug_macro   0x00000c27       0x26 ./Sources/addons.o
 .debug_macro   0x00000c4d      0xa99 ./Sources/addons.o
 .debug_macro   0x000016e6       0x71 ./Sources/addons.o
 .debug_macro   0x00001757    0x17cf8 ./Sources/addons.o
 .debug_macro   0x0001944f       0x95 ./Sources/init.o
 .debug_macro   0x000194e4      0x22a ./Sources/main.o
 .debug_macro   0x0001970e       0x1c ./Sources/main.o
 .debug_macro   0x0001972a       0x58 ./Sources/main.o
 .debug_macro   0x00019782       0x35 ./Sources/main.o
 .debug_macro   0x000197b7       0xa3 ./Sources/main.o
 .debug_macro   0x0001985a      0x166 ./Sources/main.o
 .debug_macro   0x000199c0       0x52 ./Sources/main.o
 .debug_macro   0x00019a12       0x16 ./Sources/main.o
 .debug_macro   0x00019a28       0x43 ./Sources/main.o
 .debug_macro   0x00019a6b      0x180 ./Sources/main.o
 .debug_macro   0x00019beb       0x10 ./Sources/main.o
 .debug_macro   0x00019bfb       0x35 ./Sources/main.o
 .debug_macro   0x00019c30       0x10 ./Sources/main.o
 .debug_macro   0x00019c40       0x10 ./Sources/main.o
 .debug_macro   0x00019c50       0x10 ./Sources/main.o
 .debug_macro   0x00019c60       0x22 ./Sources/main.o
 .debug_macro   0x00019c82       0xbd ./Sources/main.o
 .debug_macro   0x00019d3f       0x2e ./Sources/main.o
 .debug_macro   0x00019d6d      0x2a6 ./Sources/main.o
 .debug_macro   0x0001a013       0x10 ./Sources/main.o
 .debug_macro   0x0001a023       0x1c ./Sources/main.o
 .debug_macro   0x0001a03f       0x10 ./Sources/main.o
 .debug_macro   0x0001a04f       0x16 ./Sources/main.o
 .debug_macro   0x0001a065      0x14a ./Sources/main.o
 .debug_macro   0x0001a1af       0x16 ./Sources/main.o
 .debug_macro   0x0001a1c5       0x22 ./Sources/main.o
 .debug_macro   0x0001a1e7      0x1ee ./Sources/times.o
 .debug_macro   0x0001a3d5       0x96 ./Sources/uart.o
 .debug_macro   0x0001a46b       0x88 ./Project_Settings/Startup_Code/system_MK60D10.o
 .debug_macro   0x0001a4f3       0x65 ./Project_Settings/Startup_Code/system_MK60D10.o

.debug_line     0x00000000     0x1434
 .debug_line    0x00000000      0x367 ./Sources/addons.o
 .debug_line    0x00000367      0x275 ./Sources/init.o
 .debug_line    0x000005dc      0x4e3 ./Sources/main.o
 .debug_line    0x00000abf      0x3ba ./Sources/times.o
 .debug_line    0x00000e79      0x2fe ./Sources/uart.o
 .debug_line    0x00001177       0x78 ./Project_Settings/Startup_Code/startup_MK60D10.o
 .debug_line    0x000011ef      0x245 ./Project_Settings/Startup_Code/system_MK60D10.o

.debug_str      0x00000000    0x94019
 .debug_str     0x00000000    0x9095c ./Sources/addons.o
                              0x90b0c (size before relaxing)
 .debug_str     0x0009095c      0x221 ./Sources/init.o
                              0x90c7b (size before relaxing)
 .debug_str     0x00090b7d     0x3253 ./Sources/main.o
                              0x936a4 (size before relaxing)
 .debug_str     0x00093dd0      0x11f ./Sources/times.o
                              0x93537 (size before relaxing)
 .debug_str     0x00093eef       0xb3 ./Sources/uart.o
                              0x9050b (size before relaxing)
 .debug_str     0x00093fa2       0x77 ./Project_Settings/Startup_Code/system_MK60D10.o
                              0x90504 (size before relaxing)

.comment        0x00000000       0x70
 .comment       0x00000000       0x70 ./Sources/addons.o
                                 0x71 (size before relaxing)
 .comment       0x00000000       0x71 ./Sources/init.o
 .comment       0x00000000       0x71 ./Sources/main.o
 .comment       0x00000000       0x71 ./Sources/times.o
 .comment       0x00000000       0x71 ./Sources/uart.o
 .comment       0x00000000       0x71 ./Project_Settings/Startup_Code/system_MK60D10.o

.debug_frame    0x00000000      0xd0c
 .debug_frame   0x00000000      0x19c ./Sources/addons.o
 .debug_frame   0x0000019c       0xcc ./Sources/init.o
 .debug_frame   0x00000268      0x160 ./Sources/main.o
 .debug_frame   0x000003c8       0x90 ./Sources/times.o
 .debug_frame   0x00000458      0x104 ./Sources/uart.o
 .debug_frame   0x0000055c       0x44 ./Project_Settings/Startup_Code/system_MK60D10.o
 .debug_frame   0x000005a0       0x30 d:/program/nxp/toolchain/bin/../lib/gcc/arm-none-eabi/4.8.4/../../../../arm-none-eabi/lib/armv7e-m\libg_s.a(lib_a-atoi.o)
 .debug_frame   0x000005d0       0x28 d:/program/nxp/toolchain/bin/../lib/gcc/arm-none-eabi/4.8.4/../../../../arm-none-eabi/lib/armv7e-m\libg_s.a(lib_a-exit.o)
 .debug_frame   0x000005f8       0x2c d:/program/nxp/toolchain/bin/../lib/gcc/arm-none-eabi/4.8.4/../../../../arm-none-eabi/lib/armv7e-m\libg_s.a(lib_a-init.o)
 .debug_frame   0x00000624       0x20 d:/program/nxp/toolchain/bin/../lib/gcc/arm-none-eabi/4.8.4/../../../../arm-none-eabi/lib/armv7e-m\libg_s.a(lib_a-lcltime_r.o)
 .debug_frame   0x00000644       0x20 d:/program/nxp/toolchain/bin/../lib/gcc/arm-none-eabi/4.8.4/../../../../arm-none-eabi/lib/armv7e-m\libg_s.a(lib_a-memset.o)
 .debug_frame   0x00000664       0x54 d:/program/nxp/toolchain/bin/../lib/gcc/arm-none-eabi/4.8.4/../../../../arm-none-eabi/lib/armv7e-m\libg_s.a(lib_a-mktime.o)
 .debug_frame   0x000006b8       0x5c d:/program/nxp/toolchain/bin/../lib/gcc/arm-none-eabi/4.8.4/../../../../arm-none-eabi/lib/armv7e-m\libg_s.a(lib_a-mktm_r.o)
 .debug_frame   0x00000714       0x50 d:/program/nxp/toolchain/bin/../lib/gcc/arm-none-eabi/4.8.4/../../../../arm-none-eabi/lib/armv7e-m\libg_s.a(lib_a-strftime.o)
 .debug_frame   0x00000764       0x20 d:/program/nxp/toolchain/bin/../lib/gcc/arm-none-eabi/4.8.4/../../../../arm-none-eabi/lib/armv7e-m\libg_s.a(lib_a-strlen.o)
 .debug_frame   0x00000784       0x80 d:/program/nxp/toolchain/bin/../lib/gcc/arm-none-eabi/4.8.4/../../../../arm-none-eabi/lib/armv7e-m\libg_s.a(lib_a-strptime.o)
 .debug_frame   0x00000804       0x54 d:/program/nxp/toolchain/bin/../lib/gcc/arm-none-eabi/4.8.4/../../../../arm-none-eabi/lib/armv7e-m\libg_s.a(lib_a-strtol.o)
 .debug_frame   0x00000858       0x54 d:/program/nxp/toolchain/bin/../lib/gcc/arm-none-eabi/4.8.4/../../../../arm-none-eabi/lib/armv7e-m\libg_s.a(lib_a-strtoul.o)
 .debug_frame   0x000008ac       0x40 d:/program/nxp/toolchain/bin/../lib/gcc/arm-none-eabi/4.8.4/../../../../arm-none-eabi/lib/armv7e-m\libg_s.a(lib_a-timelocal.o)
 .debug_frame   0x000008ec       0x30 d:/program/nxp/toolchain/bin/../lib/gcc/arm-none-eabi/4.8.4/../../../../arm-none-eabi/lib/armv7e-m\libg_s.a(lib_a-tzlock.o)
 .debug_frame   0x0000091c       0x20 d:/program/nxp/toolchain/bin/../lib/gcc/arm-none-eabi/4.8.4/../../../../arm-none-eabi/lib/armv7e-m\libg_s.a(lib_a-abs.o)
 .debug_frame   0x0000093c       0x28 d:/program/nxp/toolchain/bin/../lib/gcc/arm-none-eabi/4.8.4/../../../../arm-none-eabi/lib/armv7e-m\libg_s.a(lib_a-div.o)
 .debug_frame   0x00000964       0x20 d:/program/nxp/toolchain/bin/../lib/gcc/arm-none-eabi/4.8.4/../../../../arm-none-eabi/lib/armv7e-m\libg_s.a(lib_a-gettzinfo.o)
 .debug_frame   0x00000984       0x20 d:/program/nxp/toolchain/bin/../lib/gcc/arm-none-eabi/4.8.4/../../../../arm-none-eabi/lib/armv7e-m\libg_s.a(lib_a-labs.o)
 .debug_frame   0x000009a4       0x2c d:/program/nxp/toolchain/bin/../lib/gcc/arm-none-eabi/4.8.4/../../../../arm-none-eabi/lib/armv7e-m\libg_s.a(lib_a-nano-freer.o)
 .debug_frame   0x000009d0       0x2c d:/program/nxp/toolchain/bin/../lib/gcc/arm-none-eabi/4.8.4/../../../../arm-none-eabi/lib/armv7e-m\libg_s.a(lib_a-nano-mallocr.o)
 .debug_frame   0x000009fc       0x2c d:/program/nxp/toolchain/bin/../lib/gcc/arm-none-eabi/4.8.4/../../../../arm-none-eabi/lib/armv7e-m\libg_s.a(lib_a-sbrkr.o)
 .debug_frame   0x00000a28       0x58 d:/program/nxp/toolchain/bin/../lib/gcc/arm-none-eabi/4.8.4/../../../../arm-none-eabi/lib/armv7e-m\libg_s.a(lib_a-snprintf.o)
 .debug_frame   0x00000a80       0x20 d:/program/nxp/toolchain/bin/../lib/gcc/arm-none-eabi/4.8.4/../../../../arm-none-eabi/lib/armv7e-m\libg_s.a(lib_a-strcpy.o)
 .debug_frame   0x00000aa0       0x30 d:/program/nxp/toolchain/bin/../lib/gcc/arm-none-eabi/4.8.4/../../../../arm-none-eabi/lib/armv7e-m\libg_s.a(lib_a-strncasecmp.o)
 .debug_frame   0x00000ad0       0x88 d:/program/nxp/toolchain/bin/../lib/gcc/arm-none-eabi/4.8.4/../../../../arm-none-eabi/lib/armv7e-m\libg_s.a(lib_a-svfprintf.o)
 .debug_frame   0x00000b58       0x60 d:/program/nxp/toolchain/bin/../lib/gcc/arm-none-eabi/4.8.4/../../../../arm-none-eabi/lib/armv7e-m\libg_s.a(lib_a-vfprintf_i.o)
 .debug_frame   0x00000bb8       0x28 d:/program/nxp/toolchain/bin/../lib/gcc/arm-none-eabi/4.8.4/../../../../arm-none-eabi/lib/armv7e-m\libg_s.a(lib_a-memchr-stub.o)
 .debug_frame   0x00000be0       0x28 d:/program/nxp/toolchain/bin/../lib/gcc/arm-none-eabi/4.8.4/../../../../arm-none-eabi/lib/armv7e-m\libg_s.a(lib_a-memcpy-stub.o)
 .debug_frame   0x00000c08       0x2c d:/program/nxp/toolchain/bin/../lib/gcc/arm-none-eabi/4.8.4/../../../../arm-none-eabi/lib/armv7e-m\libg_s.a(lib_a-memmove.o)
 .debug_frame   0x00000c34       0x30 d:/program/nxp/toolchain/bin/../lib/gcc/arm-none-eabi/4.8.4/../../../../arm-none-eabi/lib/armv7e-m\libg_s.a(lib_a-nano-reallocr.o)
 .debug_frame   0x00000c64       0x48 d:/program/nxp/toolchain/bin/../lib/gcc/arm-none-eabi/4.8.4/../../../../arm-none-eabi/lib/armv7e-m\libg_s.a(lib_a-reent.o)
 .debug_frame   0x00000cac       0x20 d:/program/nxp/toolchain/bin/../lib/gcc/arm-none-eabi/4.8.4/../../../../arm-none-eabi/lib/armv7e-m\libg_s.a(lib_a-nano-msizer.o)
 .debug_frame   0x00000ccc       0x20 d:/program/nxp/toolchain/bin/../lib/gcc/arm-none-eabi/4.8.4/../../../../arm-none-eabi/lib/armv7e-m\libnosys.a(sbrk.o)
 .debug_frame   0x00000cec       0x20 d:/program/nxp/toolchain/bin/../lib/gcc/arm-none-eabi/4.8.4/../../../../arm-none-eabi/lib/armv7e-m\libnosys.a(_exit.o)

.stabstr        0x00000000       0xdd
 .stabstr       0x00000000       0xdd d:/program/nxp/toolchain/bin/../lib/gcc/arm-none-eabi/4.8.4/../../../../arm-none-eabi/lib/armv7e-m\libnosys.a(close.o)
